// Jest Snapshot v1, https://goo.gl/fbAQLP

exports[`Loader should match the snapshot 1`] = `
<div
  className="Loader"
>
  <iframe
    allowFullScreen={true}
    className="l-giphy-embed"
    frameBorder="0"
    src="https://giphy.com/embed/xkmQfH1TB0dLW"
    title="typewriter"
  />
</div>
`;
