// Jest Snapshot v1, https://goo.gl/fbAQLP

exports[`NoteForm matches the snapshot 1`] = `
<section
  className="NoteForm"
>
  NoteForm
</section>
`;
